---
source: src/parser/test.rs
description: add()
expression: result
---
[
    Call {
        token: Token(LParen, "(", (0,3)->(0,4)),
        func: Identifier {
            token: Token(Identifier, "add", (0,0)->(0,3)),
            name: "add",
        },
        args: Ok(
            [],
        ),
        range: Range {
            start: Position {
                line: 0,
                character: 0,
            },
            end: Position {
                line: 0,
                character: 5,
            },
        },
    },
]

===================================

add()
