---
source: src/parser.rs
description: "if (x < y) { x }"
expression: stmts
---
[
    If {
        token: Token(If, "if", (0,0)->(0,2)),
        condition: Infix {
            token: Token(LT, "<", (0,6)->(0,7)),
            left: Identifier {
                token: Token(Identifier, "x", (0,4)->(0,5)),
                name: "x",
            },
            right: Identifier {
                token: Token(Identifier, "y", (0,8)->(0,9)),
                name: "y",
            },
        },
        consequence: Block {
            token: Token(LBrace, "{", (0,11)->(0,12)),
            statements: [
                Ok(
                    Identifier {
                        token: Token(Identifier, "x", (0,13)->(0,14)),
                        name: "x",
                    },
                ),
            ],
        },
        alternative: None,
    },
]
