---
source: src/parser/test.rs
description: "if (x { x }"
expression: result
---
[
    If {
        token: Token(If, "if", (0,0)->(0,2)),
        condition: Err(
            Err(ExpectedTokenNotFound("SyntaxError: Expected ')' not found."), (0,6)->(0,7)),
        ),
        consequence: Err(
            Err(ExpectedTokenNotFound("SyntaxError: Expected '{' not found."), (0,10)->(0,11)),
        ),
        alternative: Ok(
            None,
        ),
    },
]

===================================

if (x { x }
      ^ [Error] SyntaxError: Expected ')' not found.
          ^ [Error] SyntaxError: Expected '{' not found.
