---
source: src/parser/test.rs
description: "return ];"
expression: result
---
[
    Return {
        token: Token(Return, "return", (0,0)->(0,6)),
        value: Some(
            Err(
                Err(UnexpectedToken("SyntaxError: Unexpected ']'."), (0,7)->(0,8)),
            ),
        ),
    },
]

===================================

return ];
       ^ SyntaxError: Unexpected ']'.
