---
source: src/parser/test.rs
description: "fn() {}"
expression: result
---
[
    Function {
        token: Token(Function, "fn", (0,0)->(0,2)),
        params: Ok(
            [],
        ),
        body: Ok(
            Block {
                token: Token(LBrace, "{", (0,5)->(0,6)),
                statements: [],
            },
        ),
    },
]

===================================

fn() {}
