---
source: src/parser/test.rs
description: "[1,2,3]; 5"
expression: result
---
[
    Array {
        token: Token(LBracket, "[", (0,0)->(0,1)),
        elems: Ok(
            [
                Ok(
                    Int {
                        token: Token(Int, "1", (0,1)->(0,2)),
                        value: 1,
                    },
                ),
                Ok(
                    Int {
                        token: Token(Int, "2", (0,3)->(0,4)),
                        value: 2,
                    },
                ),
                Ok(
                    Int {
                        token: Token(Int, "3", (0,5)->(0,6)),
                        value: 3,
                    },
                ),
            ],
        ),
        range: Range {
            start: Position {
                line: 0,
                character: 0,
            },
            end: Position {
                line: 0,
                character: 7,
            },
        },
    },
    Int {
        token: Token(Int, "5", (0,9)->(0,10)),
        value: 5,
    },
]

===================================

[1,2,3]; 5
