---
source: src/parser/test.rs
description: "\"foo\" == a;\n1 == 1;\n2 != 1;\n4 < 5;\n 5 > 4;"
expression: result
---
[
    Infix {
        token: Token(Equal, "==", (0,6)->(0,8)),
        left: StringLiteral {
            token: Token(Str, "\"foo\"", (0,0)->(0,5)),
            value: "\"foo\"",
        },
        right: Identifier {
            token: Token(Identifier, "a", (0,9)->(0,10)),
            name: "a",
        },
        operator: Eq,
        range: Range {
            start: Position {
                line: 0,
                character: 6,
            },
            end: Position {
                line: 0,
                character: 10,
            },
        },
    },
    Infix {
        token: Token(Equal, "==", (1,2)->(1,4)),
        left: Int {
            token: Token(Int, "1", (1,0)->(1,1)),
            value: 1,
        },
        right: Int {
            token: Token(Int, "1", (1,5)->(1,6)),
            value: 1,
        },
        operator: Eq,
        range: Range {
            start: Position {
                line: 1,
                character: 2,
            },
            end: Position {
                line: 1,
                character: 6,
            },
        },
    },
    Infix {
        token: Token(NotEqual, "!=", (2,2)->(2,4)),
        left: Int {
            token: Token(Int, "2", (2,0)->(2,1)),
            value: 2,
        },
        right: Int {
            token: Token(Int, "1", (2,5)->(2,6)),
            value: 1,
        },
        operator: NotEq,
        range: Range {
            start: Position {
                line: 2,
                character: 2,
            },
            end: Position {
                line: 2,
                character: 6,
            },
        },
    },
    Infix {
        token: Token(LT, "<", (3,2)->(3,3)),
        left: Int {
            token: Token(Int, "4", (3,0)->(3,1)),
            value: 4,
        },
        right: Int {
            token: Token(Int, "5", (3,4)->(3,5)),
            value: 5,
        },
        operator: Lt,
        range: Range {
            start: Position {
                line: 3,
                character: 2,
            },
            end: Position {
                line: 3,
                character: 5,
            },
        },
    },
    Infix {
        token: Token(GT, ">", (4,3)->(4,4)),
        left: Int {
            token: Token(Int, "5", (4,1)->(4,2)),
            value: 5,
        },
        right: Int {
            token: Token(Int, "4", (4,5)->(4,6)),
            value: 4,
        },
        operator: Gt,
        range: Range {
            start: Position {
                line: 4,
                character: 3,
            },
            end: Position {
                line: 4,
                character: 6,
            },
        },
    },
]

===================================

"foo" == a;
1 == 1;
2 != 1;
4 < 5;
 5 > 4;
