---
source: src/parser/test.rs
description: "fn(1+) {}"
expression: result
---
[
    Function {
        token: Token(Function, "fn", (0,0)->(0,2)),
        params: Ok(
            [
                Err(
                    Err(UnexpectedToken("SyntaxError: Unexpected '<int>'."), (0,3)->(0,4)),
                ),
            ],
        ),
        body: Ok(
            Block {
                token: Token(LBrace, "{", (0,7)->(0,8)),
                statements: [],
                range: Range {
                    start: Position {
                        line: 0,
                        character: 7,
                    },
                    end: Position {
                        line: 0,
                        character: 8,
                    },
                },
            },
        ),
        range: Range {
            start: Position {
                line: 0,
                character: 0,
            },
            end: Position {
                line: 0,
                character: 9,
            },
        },
    },
]

===================================

fn(1+) {}
   ^ [Error] SyntaxError: Unexpected '<int>'.
