---
source: src/parser/test.rs
description: "add(6, 7 * 8); 2"
expression: result
---
[
    Call {
        token: Token(LParen, "(", (0,3)->(0,4)),
        func: Identifier {
            token: Token(Identifier, "add", (0,0)->(0,3)),
            name: "add",
        },
        args: Ok(
            [
                Ok(
                    Int {
                        token: Token(Int, "6", (0,4)->(0,5)),
                        value: 6,
                    },
                ),
                Ok(
                    Infix {
                        token: Token(Asterisk, "*", (0,9)->(0,10)),
                        left: Int {
                            token: Token(Int, "7", (0,7)->(0,8)),
                            value: 7,
                        },
                        right: Int {
                            token: Token(Int, "8", (0,11)->(0,12)),
                            value: 8,
                        },
                        operator: Mult,
                        range: Range {
                            start: Position {
                                line: 0,
                                character: 9,
                            },
                            end: Position {
                                line: 0,
                                character: 12,
                            },
                        },
                    },
                ),
            ],
        ),
        range: Range {
            start: Position {
                line: 0,
                character: 3,
            },
            end: Position {
                line: 0,
                character: 13,
            },
        },
    },
    Int {
        token: Token(Int, "2", (0,15)->(0,16)),
        value: 2,
    },
]

===================================

add(6, 7 * 8); 2
