---
source: src/parser/test.rs
description: "-(5 + 5)"
expression: result
---
[
    Prefix {
        token: Token(Minus, "-", (0,0)->(0,1)),
        right: Infix {
            token: Token(Plus, "+", (0,4)->(0,5)),
            left: Int {
                token: Token(Int, "5", (0,2)->(0,3)),
                value: 5,
            },
            right: Int {
                token: Token(Int, "5", (0,6)->(0,7)),
                value: 5,
            },
            operator: Plus,
            range: Range {
                start: Position {
                    line: 0,
                    character: 4,
                },
                end: Position {
                    line: 0,
                    character: 7,
                },
            },
        },
        operator: Minus,
        range: Range {
            start: Position {
                line: 0,
                character: 0,
            },
            end: Position {
                line: 0,
                character: 8,
            },
        },
    },
]

===================================

-(5 + 5)
