---
source: src/parser/test.rs
description: "!(true == true)"
expression: result
---
[
    Prefix {
        token: Token(Bang, "!", (0,0)->(0,1)),
        right: Infix {
            token: Token(Equal, "==", (0,7)->(0,9)),
            left: Bool {
                token: Token(True, "true", (0,2)->(0,6)),
                value: true,
            },
            right: Bool {
                token: Token(True, "true", (0,10)->(0,14)),
                value: true,
            },
            operator: Eq,
            range: Range {
                start: Position {
                    line: 0,
                    character: 2,
                },
                end: Position {
                    line: 0,
                    character: 14,
                },
            },
        },
        operator: Bang,
        range: Range {
            start: Position {
                line: 0,
                character: 0,
            },
            end: Position {
                line: 0,
                character: 15,
            },
        },
    },
]

===================================

!(true == true)
