---
source: src/parser/test.rs
description: a + b + c
expression: result
---
[
    Infix {
        token: Token(Plus, "+", (0,6)->(0,7)),
        left: Infix {
            token: Token(Plus, "+", (0,2)->(0,3)),
            left: Identifier {
                token: Token(Identifier, "a", (0,0)->(0,1)),
                name: "a",
            },
            right: Identifier {
                token: Token(Identifier, "b", (0,4)->(0,5)),
                name: "b",
            },
            operator: Plus,
            range: Range {
                start: Position {
                    line: 0,
                    character: 2,
                },
                end: Position {
                    line: 0,
                    character: 5,
                },
            },
        },
        right: Identifier {
            token: Token(Identifier, "c", (0,8)->(0,9)),
            name: "c",
        },
        operator: Plus,
        range: Range {
            start: Position {
                line: 0,
                character: 6,
            },
            end: Position {
                line: 0,
                character: 9,
            },
        },
    },
]

===================================

a + b + c
