---
source: src/parser/test.rs
description: le a = 1;
expression: result
---
[
    Identifier {
        token: Token(Identifier, "le", (0,0)->(0,2)),
        name: "le",
    },
    Identifier {
        token: Token(Identifier, "a", (0,3)->(0,4)),
        name: "a",
    },
    Err(UnexpectedToken("SyntaxError: Unexpected '='."), (0,5)->(0,6)),
]

===================================

le a = 1;
     ^ SyntaxError: Unexpected '='.
