---
source: src/parser/test.rs
description: "foo[1+2]"
expression: result
---
[
    Index {
        token: Token(LBracket, "[", (0,3)->(0,4)),
        object: Identifier {
            token: Token(Identifier, "foo", (0,0)->(0,3)),
            name: "foo",
        },
        index: Ok(
            Infix {
                token: Token(Plus, "+", (0,5)->(0,6)),
                left: Int {
                    token: Token(Int, "1", (0,4)->(0,5)),
                    value: 1,
                },
                right: Int {
                    token: Token(Int, "2", (0,6)->(0,7)),
                    value: 2,
                },
                operator: Plus,
                range: Range {
                    start: Position {
                        line: 0,
                        character: 5,
                    },
                    end: Position {
                        line: 0,
                        character: 7,
                    },
                },
            },
        ),
        range: Range {
            start: Position {
                line: 0,
                character: 0,
            },
            end: Position {
                line: 0,
                character: 8,
            },
        },
    },
]

===================================

foo[1+2]
