---
source: src/parser/test.rs
description: (1 + 1)
expression: result
---
[
    Infix {
        token: Token(Plus, "+", (0,3)->(0,4)),
        left: Int {
            token: Token(Int, "1", (0,1)->(0,2)),
            value: 1,
        },
        right: Int {
            token: Token(Int, "1", (0,5)->(0,6)),
            value: 1,
        },
        operator: Plus,
        range: Range {
            start: Position {
                line: 0,
                character: 3,
            },
            end: Position {
                line: 0,
                character: 6,
            },
        },
    },
]

===================================

(1 + 1)
