---
source: src/parser/test.rs
description: "!-a"
expression: result
---
[
    Prefix {
        token: Token(Bang, "!", (0,0)->(0,1)),
        right: Prefix {
            token: Token(Minus, "-", (0,1)->(0,2)),
            right: Identifier {
                token: Token(Identifier, "a", (0,2)->(0,3)),
                name: "a",
            },
            operator: Minus,
            range: Range {
                start: Position {
                    line: 0,
                    character: 1,
                },
                end: Position {
                    line: 0,
                    character: 3,
                },
            },
        },
        operator: Bang,
        range: Range {
            start: Position {
                line: 0,
                character: 0,
            },
            end: Position {
                line: 0,
                character: 3,
            },
        },
    },
]

===================================

!-a
