---
source: src/parser/test.rs
description: "fn(x y) {}"
expression: result
---
[
    Function {
        token: Token(Function, "fn", (0,0)->(0,2)),
        params: Ok(
            [
                Ok(
                    Identifier {
                        token: Token(Identifier, "x", (0,3)->(0,4)),
                        name: "x",
                    },
                ),
                Err(
                    Err(ExpectedTokenNotFound("SyntaxError: Expected ',' not found."), (0,5)->(0,6)),
                ),
            ],
        ),
        body: Ok(
            Block {
                token: Token(LBrace, "{", (0,8)->(0,9)),
                statements: [],
            },
        ),
    },
]

===================================

fn(x y) {}
     ^ SyntaxError: Expected ',' not found.
