---
source: src/parser.rs
description: return nil;
expression: stmts
---
[
    Return {
        token: Token(Return, "return", (0,0)->(0,6)),
        value: Some(
            Ok(
                Nil {
                    token: Token(Nil, "nil", (0,7)->(0,10)),
                },
            ),
        ),
    },
]
