---
source: src/parser.rs
description: let x = 1;
expression: stmts
---
[
    Let {
        token: Token(Let, "let", (0,0)->(0,3)),
        name: Identifier {
            token: Token(Identifier, "x", (0,4)->(0,5)),
            name: "x",
        },
        value: Int {
            token: Token(Int, "1", (0,8)->(0,9)),
            value: 1,
        },
    },
]
