---
source: src/parser/test.rs
description: return 1;
expression: result
---
[
    Return {
        token: Token(Return, "return", (0,0)->(0,6)),
        value: Some(
            Ok(
                Int {
                    token: Token(Int, "1", (0,7)->(0,8)),
                    value: 1,
                },
            ),
        ),
    },
]

===================================

return 1;
