---
source: src/parser.rs
description: "if (x { x }"
expression: stmts
---
[
    If {
        token: Token(If, "if", (0,0)->(0,2)),
        condition: Err(
            Err(ExpectedTokenNotFound("SyntaxError: Expected ')' not found."), (0,6)->(0,7)),
        ),
        consequence: Err(
            Err(UnexpectedEof("SyntaxError: Unexpected eof."), (0,10)->(0,11)),
        ),
        alternative: Ok(
            None,
        ),
    },
]
