---
source: src/lexer.rs
description: 5 < 10 > 5;
expression: debug_print(tokens)
---
[
    Token(Int, "5", (0,0)->(0,1)),
    Token(LT, "<", (0,2)->(0,3)),
    Token(Int, "10", (0,4)->(0,6)),
    Token(GT, ">", (0,7)->(0,8)),
    Token(Int, "5", (0,9)->(0,10)),
    Token(Semicolon, ";", (0,10)->(0,11)),
]
